[5f84704e796cf.site123.me/index.html]
[cdn-cms.f-static.net/uploads/4356402/normal_5f84767334d2e-thumbnail.jpg]
[cdn-cms-s.f-static.net/manager/site123_website/files/logos/brand_files_2020/Icons/Png/Icon_blue8ab6.png]
[cdn-cms-s.f-static.net/ready_uploads/pwaScreenLogo/pwaImage4db2.png]
[cdn-cms-s.f-static.net/ready_uploads/pwaScreenLogo/pwaImagec740.png]
[cdn-cms-s.f-static.net/ready_uploads/pwaScreenLogo/pwaImage89d8.png]
[backblue.gif]
[fade.gif]
[index.html]
[cdn-cms-s.f-static.net/versions/2/css/minimize_main8ab6.css]
[cdn-cms-s.f-static.net/versions/2/css/websiteCSS328b.css]
[cdn-cms.f-static.net/uploads/4356402/400_5f8472c7d6258.png]
[5f84704e796cf.site123.me/about.html]
[5f84704e796cf.site123.me/review.html]
[5f84704e796cf.site123.me/download-app.html]
[5f84704e796cf.site123.me/media.html]
[5f84704e796cf.site123.me/contact.html]
[cdn-cms.f-static.net/uploads/4356402/800_5f847a323a7ce.png]
[cdn-cms.f-static.net/uploads/4356402/400_5f9016f6cdaf0.png]
[5f84704e796cf.site123.me/review/google-play-store.html]
[cdn-cms.f-static.net/uploads/4356402/2000_5f85ef15268ac-thumbnail.jpg]
[cdn-cms.f-static.net/uploads/4356402/2000_5f85ef1b4e3c8-thumbnail.jpg]
[cdn-cms.f-static.net/uploads/4356402/2000_5f89dd8eb4e4b-thumbnail.jpg]
[cdn-cms-s.f-static.net/files/images/google_map_white_small8ab6.png]
[cdn-cms-s.f-static.net/files/images/waze_white_small8ab6.png]
[cdn-cms-s.f-static.net/files/images/moovit_white_small8ab6.png]
[cdn-cms-s.f-static.net/manager/site123_website/files/logos/brand_files_2020/Logo/Horizontal/PNG/Horizontal_Black8ab6.png]
[5f84704e796cf.site123.me/5f84704e796cf.site123.17.delayed]
[cdn-cms-s.f-static.net/versions/2/js/minimize_p28ab6.js]
[cdn-cms-s.f-static.net/versions/2/js/minimize_p18ab6.js]
[cdn-cms-s.f-static.net/versions/2/wizard/statistics/js/generateStats-min8ab6.js]
[5f84704e796cf.site123.me/index.html]
[cdn-cms-s.f-static.net/versions/2/js/minimize_p48ab6.js]
[cdn-cms-s.f-static.net/files/vendor/slick-1.8.1/slick/ajax-loader.gif]
[cdn-cms-s.f-static.net/versions/2/css/owl.video.play.png]
[cdn-cms-s.f-static.net/versions/2/css/minimize_main8ab6.css]
[cdn-cms-s.f-static.net/versions/2/css/websiteCSS328b.css]
[cdn-cms-s.f-static.net/versions/2/js/minimize_p38ab6.js]
[5f84704e796cf.site123.me/about.html]
[5f84704e796cf.site123.me/review.html]
[5f84704e796cf.site123.me/download-app.html]
[5f84704e796cf.site123.me/media.html]
[cdn-cms-s.f-static.net/versions/2/js/minimize_scripts8ab6.js]
[5f84704e796cf.site123.me/contact.html]
[cdn-cms-s.f-static.net/versions/2/css/minimize-data8ab6.css]
[cdn-cms.f-static.net/uploads/4356402/800_5f9016f6cdaf0.png]
[cdn-cms.f-static.net/uploads/4356402/2000_5f84834746a30.jpg]
[cdn-cms.f-static.net/uploads/4356402/2000_5f84834f738fa.jpg]
[cdn-cms.f-static.net/uploads/4356402/2000_5f84833c80e65.jpg]
[cdn-cms.f-static.net/uploads/4356402/2000_5f8482e30ee9c.jpg]
[cdn-cms.f-static.net/uploads/4356402/2000_5f8482d74ad99.jpg]
[5f84704e796cf.site123.me/review/5f84704e796cf.site123.27.delayed]
[5f84704e796cf.site123.me/review/google-play-store.html]
[5f84704e796cf.site123.me/5f84704e796cf.site123.html]
[cdn-cms-s.f-static.net/versions/2/css/owl.video.play.html]
[cdn-cms-s.f-static.net/versions/2/js/minimize-data8ab6.js]
[cdn-cms-s.f-static.net/versions/2/css/minimize-data8ab6.css]
[5f84704e796cf.site123.me/review/5f84704e796cf.site123.html]
